// Vitest Snapshot v1, https://vitest.dev/guide/snapshot.html

exports[`UserCard > should match snapshot 1`] = `
{
  "asFragment": [Function],
  "baseElement": <body>
    <div>
      <div
        class="_profile_09a2f2"
        data-testid="user-card"
      >
        <div
          class="_container_15af9b _xs_15af9b _auto_15af9b _border_15af9b"
          data-testid="avatar"
        >
          <img
            alt="username"
            class="_image_15af9b"
            src="https://robohash.org/L9Z.png?set=set4"
          />
        </div>
        <div
          class="_information_09a2f2"
        >
          <span
            class="_name_09a2f2"
          >
            First Last Name
          </span>
          <span
            class="_username_09a2f2"
          >
            @
            username
          </span>
        </div>
      </div>
    </div>
  </body>,
  "container": <div>
    <div
      class="_profile_09a2f2"
      data-testid="user-card"
    >
      <div
        class="_container_15af9b _xs_15af9b _auto_15af9b _border_15af9b"
        data-testid="avatar"
      >
        <img
          alt="username"
          class="_image_15af9b"
          src="https://robohash.org/L9Z.png?set=set4"
        />
      </div>
      <div
        class="_information_09a2f2"
      >
        <span
          class="_name_09a2f2"
        >
          First Last Name
        </span>
        <span
          class="_username_09a2f2"
        >
          @
          username
        </span>
      </div>
    </div>
  </div>,
  "debug": [Function],
  "findAllByAltText": [Function],
  "findAllByDisplayValue": [Function],
  "findAllByLabelText": [Function],
  "findAllByPlaceholderText": [Function],
  "findAllByRole": [Function],
  "findAllByTestId": [Function],
  "findAllByText": [Function],
  "findAllByTitle": [Function],
  "findByAltText": [Function],
  "findByDisplayValue": [Function],
  "findByLabelText": [Function],
  "findByPlaceholderText": [Function],
  "findByRole": [Function],
  "findByTestId": [Function],
  "findByText": [Function],
  "findByTitle": [Function],
  "getAllByAltText": [Function],
  "getAllByDisplayValue": [Function],
  "getAllByLabelText": [Function],
  "getAllByPlaceholderText": [Function],
  "getAllByRole": [Function],
  "getAllByTestId": [Function],
  "getAllByText": [Function],
  "getAllByTitle": [Function],
  "getByAltText": [Function],
  "getByDisplayValue": [Function],
  "getByLabelText": [Function],
  "getByPlaceholderText": [Function],
  "getByRole": [Function],
  "getByTestId": [Function],
  "getByText": [Function],
  "getByTitle": [Function],
  "queryAllByAltText": [Function],
  "queryAllByDisplayValue": [Function],
  "queryAllByLabelText": [Function],
  "queryAllByPlaceholderText": [Function],
  "queryAllByRole": [Function],
  "queryAllByTestId": [Function],
  "queryAllByText": [Function],
  "queryAllByTitle": [Function],
  "queryByAltText": [Function],
  "queryByDisplayValue": [Function],
  "queryByLabelText": [Function],
  "queryByPlaceholderText": [Function],
  "queryByRole": [Function],
  "queryByTestId": [Function],
  "queryByText": [Function],
  "queryByTitle": [Function],
  "rerender": [Function],
  "unmount": [Function],
}
`;
